
> temp_crm@0.1.0 build
> next build --webpack

node.exe : [baseline-browser-mapping] The 
data in this module is over two months old. 
 To ensure accurate Baseline data, please 
update: `npm i 
baseline-browser-mapping@latest -D`
At line:1 char:1
+ & "C:\Program Files\nodejs/node.exe" 
"C:\Program Files\nodejs/node_mo ...
+ ~~~~~~~~~~~~~~~~~~~~~~~~~~~~~~~~~~~~~~~~~~
~~~~~~~~~~~~~~~~~~~~~~~~~~~
    + CategoryInfo          : NotSpecified: 
    ([baseline-brows...ping@latest -D`:Str  
  ing) [], RemoteException
    + FullyQualifiedErrorId : NativeCommand 
   Error
 
   Γû▓ Next.js 16.0.4 (webpack)
   - Environments: .env.local

 ΓÜá The "middleware" file convention is 
deprecated. Please use "proxy" instead. 
Learn more: https://nextjs.org/docs/messages
/middleware-to-proxy
   Creating an optimized production build ...
 Γ£ô (pwa) Compiling for server...
 Γ£ô (pwa) Compiling for server...
 Γ£ô (pwa) Compiling for client (static)...
 Γùï (pwa) Service worker: D:\CRM\public\sw.js
 Γùï (pwa)   URL: /sw.js
 Γùï (pwa)   Scope: /
 Γ£ô Compiled successfully in 5.7s
   Running TypeScript ...
Failed to compile.

./app/actions/analytics.ts:116:37
Type error: Property 'full_name' does not 
exist on type '{ full_name: any; }[]'.

[0m [90m 114 |[39m
 [90m 115 |[39m   
visits[33m.[39mforEach((visit) 
[33m=>[39m {
[31m[1m>[22m[39m[90m 116 |[39m     
[36mconst[39m bdmName [33m=[39m visit[3
3m.[39mprofiles[33m?[39m[33m.[39mfull_n
ame [33m||[39m 
[32m"Unknown"[39m[33m;[39m
 [90m     |[39m                           
          [31m[1m^[22m[39m
 [90m 117 |[39m     [36mconst[39m bdmId 
[33m=[39m 
visit[33m.[39muser_id[33m;[39m
 [90m 118 |[39m
 [90m 119 |[39m     [36mif[39m 
([33m![39mbdmCounts[bdmId]) {[0m
Next.js build worker exited with code: 1 
and signal: null
